// Jest Snapshot v1, https://goo.gl/fbAQLP

exports[`SendReceiveActionsBar renders icons, labels of each button correctly 1`] = `
<div
  className="MuiBox-root css-13pmx5o"
>
  <div
    className="css-59ig29-MuiStack-root"
  >
    <button
      className="MuiButtonBase-root MuiIconButton-root MuiIconButton-sizeMedium css-fyntix-MuiButtonBase-root-MuiIconButton-root"
      disabled={false}
      onBlur={[Function]}
      onClick={[Function]}
      onContextMenu={[Function]}
      onDragLeave={[Function]}
      onFocus={[Function]}
      onKeyDown={[Function]}
      onKeyUp={[Function]}
      onMouseDown={[Function]}
      onMouseLeave={[Function]}
      onMouseUp={[Function]}
      onTouchEnd={[Function]}
      onTouchMove={[Function]}
      onTouchStart={[Function]}
      tabIndex={0}
      type="button"
    >
      <svg
        data-testid="CallMadeIcon"
        fill="none"
        height="16px"
        viewBox="0 0 24 24"
        width="16px"
        xmlns="http://www.w3.org/2000/svg"
      >
        <path
          d="M7 17L17 7"
          stroke="white"
          strokeLinecap="round"
          strokeLinejoin="round"
        />
        <path
          d="M7 7H17V17"
          stroke="white"
          strokeLinecap="round"
          strokeLinejoin="round"
        />
      </svg>
    </button>
    <p
      className="MuiTypography-root MuiTypography-body1 css-jd9kvz-MuiTypography-root"
    >
      Send
    </p>
  </div>
  <div
    className="css-59ig29-MuiStack-root"
  >
    <button
      className="MuiButtonBase-root MuiIconButton-root MuiIconButton-sizeMedium css-fyntix-MuiButtonBase-root-MuiIconButton-root"
      disabled={false}
      onBlur={[Function]}
      onClick={[Function]}
      onContextMenu={[Function]}
      onDragLeave={[Function]}
      onFocus={[Function]}
      onKeyDown={[Function]}
      onKeyUp={[Function]}
      onMouseDown={[Function]}
      onMouseLeave={[Function]}
      onMouseUp={[Function]}
      onTouchEnd={[Function]}
      onTouchMove={[Function]}
      onTouchStart={[Function]}
      tabIndex={0}
      type="button"
    >
      <svg
        data-testid="CallReceivedIcon"
        fill="none"
        height="16px"
        viewBox="0 0 24 24"
        width="16px"
        xmlns="http://www.w3.org/2000/svg"
      >
        <path
          d="M17 7L7 17"
          stroke="white"
          strokeLinecap="round"
          strokeLinejoin="round"
        />
        <path
          d="M17 17H7V7"
          stroke="white"
          strokeLinecap="round"
          strokeLinejoin="round"
        />
      </svg>
    </button>
    <p
      className="MuiTypography-root MuiTypography-body1 css-jd9kvz-MuiTypography-root"
    >
      Receive
    </p>
  </div>
</div>
`;
