// Jest Snapshot v1, https://goo.gl/fbAQLP

exports[`matches snapshot 1`] = `
<div>
  <div
    class="MuiBox-root css-126tmqt"
  >
    <span
      class="MuiSkeleton-root MuiSkeleton-rectangular MuiSkeleton-pulse css-xsbkj6-MuiSkeleton-root"
    />
    <div
      class="MuiBox-root css-1t1ny2y"
    >
      <h5
        class="MuiTypography-root MuiTypography-h5 css-zpm2l5-MuiTypography-root"
      >
        <span
          class="MuiSkeleton-root MuiSkeleton-text MuiSkeleton-pulse css-1h2g3k5-MuiSkeleton-root"
        />
      </h5>
    </div>
  </div>
</div>
`;
