// Jest Snapshot v1, https://goo.gl/fbAQLP

exports[`NetworkBar should render correctly 1`] = `
<body>
  <div>
    <div
      class="MuiBox-root css-p5x5a2"
    >
      <h4
        class="MuiTypography-root MuiTypography-h4 css-fsl47-MuiTypography-root"
      >
        Network
      </h4>
      <div
        class="MuiBox-root css-axw7ok"
      >
        <div
          class="MuiAvatar-root MuiAvatar-circular css-1h1nqhj-MuiAvatar-root"
        >
          <img
            class="MuiAvatar-img css-1pqm26d-MuiAvatar-img"
            src="404.png"
          />
        </div>
        <p
          class="MuiTypography-root MuiTypography-body1 css-17h2jvq-MuiTypography-root"
        >
          Polygon
        </p>
      </div>
    </div>
  </div>
</body>
`;
